[2026-09-30T12:43:38.876Z] GET /guestbook
[2026-09-30T12:43:38.884Z] GET /express_style.css
[2026-09-30T12:43:38.887Z] GET /js/guestbook.js
[2026-09-30T12:43:38.900Z] GET /favicon.ico
[2026-09-30T12:43:38.926Z] GET /.well-known/appspecific/com.chrome.devtools.json
[2026-09-30T12:43:41.299Z] GET /guestbook
[2026-09-30T12:43:41.306Z] GET /express_style.css
[2026-09-30T12:43:41.307Z] GET /js/guestbook.js
[2026-09-30T12:43:41.348Z] GET /.well-known/appspecific/com.chrome.devtools.json
[2026-09-30T12:47:14.074Z] GET /guestbook
[2026-09-30T12:47:16.408Z] GET /
[2026-09-30T12:47:16.423Z] GET /express_style.css
[2026-09-30T12:47:16.428Z] GET /api/whoami
[2026-09-30T12:47:17.269Z] GET /
[2026-09-30T12:47:17.281Z] GET /express_style.css
[2026-09-30T12:47:17.285Z] GET /api/whoami
[2026-09-30T12:47:17.287Z] GET /favicon.png
[2026-09-30T12:47:17.396Z] GET /
[2026-09-30T12:47:17.407Z] GET /express_style.css
[2026-09-30T12:47:17.412Z] GET /api/whoami
[2026-09-30T12:47:17.415Z] GET /favicon.png
[2026-09-30T12:47:21.425Z] POST /login
[2026-09-30T12:47:21.430Z] GET /api/whoami
[2026-09-30T12:47:21.439Z] GET /
[2026-09-30T12:47:21.452Z] GET /express_style.css
[2026-09-30T12:47:21.456Z] GET /api/whoami
[2026-09-30T12:47:22.719Z] GET /guestbook
[2026-09-30T12:47:22.731Z] GET /express_style.css
[2026-09-30T12:47:22.732Z] GET /js/guestbook.js
[2026-09-30T12:47:24.727Z] GET /guestbook
[2026-09-30T12:47:24.738Z] GET /express_style.css
[2026-09-30T12:47:24.740Z] GET /js/guestbook.js
[2026-09-30T12:47:33.513Z] GET /guestbook
[2026-09-30T12:47:33.552Z] GET /.well-known/appspecific/com.chrome.devtools.json
[2026-09-30T12:47:33.830Z] GET /guestbook
[2026-09-30T12:47:33.857Z] GET /.well-known/appspecific/com.chrome.devtools.json
[2026-09-30T12:47:33.996Z] GET /guestbook
[2026-09-30T12:47:34.020Z] GET /.well-known/appspecific/com.chrome.devtools.json
[2026-09-30T12:47:34.473Z] GET /.well-known/appspecific/com.chrome.devtools.json
[2026-09-30T12:47:36.232Z] GET /
[2026-09-30T12:47:36.241Z] GET /express_style.css
[2026-09-30T12:47:36.255Z] GET /api/whoami
[2026-09-30T12:47:36.261Z] GET /favicon.png
[2026-09-30T12:47:36.263Z] GET /.well-known/appspecific/com.chrome.devtools.json
[2026-09-30T12:47:37.479Z] GET /
[2026-09-30T12:47:37.485Z] GET /express_style.css
[2026-09-30T12:47:37.495Z] GET /api/whoami
[2026-09-30T12:47:37.499Z] GET /favicon.png
[2026-09-30T12:47:37.503Z] GET /.well-known/appspecific/com.chrome.devtools.json
[2026-09-30T12:47:41.314Z] POST /login
[2026-09-30T12:47:41.319Z] GET /api/whoami
[2026-09-30T12:47:41.327Z] GET /
[2026-09-30T12:47:41.338Z] GET /express_style.css
[2026-09-30T12:47:41.352Z] GET /api/whoami
[2026-09-30T12:47:41.356Z] GET /favicon.png
[2026-09-30T12:47:41.357Z] GET /.well-known/appspecific/com.chrome.devtools.json
[2026-09-30T12:47:44.120Z] GET /guestbook
[2026-09-30T12:47:44.128Z] GET /express_style.css
[2026-09-30T12:47:44.130Z] GET /js/guestbook.js
[2026-09-30T12:47:44.146Z] GET /.well-known/appspecific/com.chrome.devtools.json
[2026-09-30T12:55:42.152Z] GET /guestbook
[2026-09-30T12:55:43.983Z] GET /
[2026-09-30T12:55:43.999Z] GET /express_style.css
[2026-09-30T12:55:44.004Z] GET /api/whoami
[2026-09-30T12:55:45.350Z] GET /
[2026-09-30T12:55:45.362Z] GET /express_style.css
[2026-09-30T12:55:45.367Z] GET /api/whoami
[2026-09-30T12:55:45.371Z] GET /favicon.png
[2026-09-30T12:55:45.478Z] GET /
[2026-09-30T12:55:45.494Z] GET /express_style.css
[2026-09-30T12:55:45.498Z] GET /api/whoami
[2026-09-30T12:55:45.502Z] GET /favicon.png
[2026-09-30T12:55:45.751Z] GET /
[2026-09-30T12:55:45.762Z] GET /express_style.css
[2026-09-30T12:55:45.770Z] GET /api/whoami
[2026-09-30T12:55:45.772Z] GET /favicon.png
[2026-09-30T12:55:50.072Z] POST /login
[2026-09-30T12:55:50.076Z] GET /api/whoami
[2026-09-30T12:55:50.083Z] GET /
[2026-09-30T12:55:50.102Z] GET /express_style.css
[2026-09-30T12:55:50.105Z] GET /api/whoami
[2026-09-30T12:55:52.639Z] GET /guestbook
[2026-09-30T12:55:52.652Z] GET /express_style.css
[2026-09-30T12:55:52.654Z] GET /js/guestbook.js
[2026-09-30T12:55:54.768Z] GET /guestbook
[2026-09-30T12:55:54.782Z] GET /express_style.css
[2026-09-30T12:55:54.784Z] GET /js/guestbook.js
[2026-09-30T12:55:56.646Z] GET /guestbook
[2026-09-30T12:55:56.681Z] GET /.well-known/appspecific/com.chrome.devtools.json
[2026-09-30T12:55:57.204Z] GET /.well-known/appspecific/com.chrome.devtools.json
[2026-09-30T12:55:57.218Z] GET /favicon.png
[2026-09-30T12:55:58.126Z] GET /
[2026-09-30T12:55:58.133Z] GET /express_style.css
[2026-09-30T12:55:58.148Z] GET /.well-known/appspecific/com.chrome.devtools.json
[2026-09-30T12:55:58.150Z] GET /api/whoami
[2026-09-30T12:55:58.154Z] GET /favicon.png
[2026-09-30T12:55:59.053Z] GET /
[2026-09-30T12:55:59.061Z] GET /express_style.css
[2026-09-30T12:55:59.075Z] GET /.well-known/appspecific/com.chrome.devtools.json
[2026-09-30T12:55:59.077Z] GET /api/whoami
[2026-09-30T12:55:59.081Z] GET /favicon.png
[2026-09-30T12:55:59.173Z] GET /
[2026-09-30T12:55:59.182Z] GET /express_style.css
[2026-09-30T12:55:59.194Z] GET /.well-known/appspecific/com.chrome.devtools.json
[2026-09-30T12:55:59.204Z] GET /api/whoami
[2026-09-30T12:55:59.208Z] GET /favicon.png
[2026-09-30T12:56:03.010Z] POST /login
[2026-09-30T12:56:03.015Z] GET /api/whoami
[2026-09-30T12:56:03.023Z] GET /
[2026-09-30T12:56:03.031Z] GET /express_style.css
[2026-09-30T12:56:03.046Z] GET /.well-known/appspecific/com.chrome.devtools.json
[2026-09-30T12:56:03.050Z] GET /api/whoami
[2026-09-30T12:56:03.054Z] GET /favicon.png
[2026-09-30T12:56:04.407Z] GET /guestbook
[2026-09-30T12:56:04.415Z] GET /express_style.css
[2026-09-30T12:56:04.416Z] GET /js/guestbook.js
[2026-09-30T12:56:04.433Z] GET /.well-known/appspecific/com.chrome.devtools.json
[2026-09-30T12:57:20.271Z] GET /
[2026-09-30T12:57:20.293Z] GET /express_style.css
[2026-09-30T12:57:20.301Z] GET /api/whoami
[2026-09-30T12:57:20.321Z] GET /favicon.png
[2026-09-30T12:57:20.710Z] GET /
[2026-09-30T12:57:20.723Z] GET /express_style.css
[2026-09-30T12:57:20.727Z] GET /api/whoami
[2026-09-30T12:57:20.733Z] GET /favicon.png
[2026-09-30T12:57:25.019Z] POST /login
[2026-09-30T12:57:25.025Z] GET /api/whoami
[2026-09-30T12:57:25.034Z] GET /
[2026-09-30T12:57:25.046Z] GET /express_style.css
[2026-09-30T12:57:25.051Z] GET /api/whoami
[2026-09-30T12:57:26.256Z] GET /guestbook
[2026-09-30T12:57:26.268Z] GET /express_style.css
[2026-09-30T12:57:26.270Z] GET /js/guestbook.js
[2026-09-30T12:57:26.276Z] GET /api/guestbook
[2026-09-30T12:57:26.279Z] GET /x
[2026-09-30T12:57:31.944Z] GET /
[2026-09-30T12:57:31.955Z] GET /express_style.css
[2026-09-30T12:57:31.959Z] GET /api/whoami
[2026-09-30T12:57:53.975Z] GET /guestbook
[2026-09-30T12:57:53.989Z] GET /express_style.css
[2026-09-30T12:57:53.991Z] GET /js/guestbook.js
[2026-09-30T12:57:53.994Z] GET /api/guestbook
[2026-09-30T12:57:53.998Z] GET /x
[2026-09-30T13:01:13.411Z] GET /guestbook
[2026-09-30T13:01:15.439Z] GET /guestbook
[2026-09-30T13:01:16.472Z] GET /x
[2026-09-30T13:01:18.872Z] GET /
[2026-09-30T13:01:18.891Z] GET /express_style.css
[2026-09-30T13:01:18.895Z] GET /api/whoami
[2026-09-30T13:01:18.899Z] GET /favicon.png
[2026-09-30T13:02:32.452Z] GET /
[2026-09-30T13:02:32.474Z] GET /express_style.css
[2026-09-30T13:02:32.479Z] GET /api/whoami
[2026-09-30T13:02:32.483Z] GET /favicon.png
[2026-09-30T13:02:34.266Z] GET /guestbook
[2026-09-30T13:02:39.486Z] POST /login
[2026-09-30T13:02:39.493Z] GET /api/whoami
[2026-09-30T13:02:39.501Z] GET /
[2026-09-30T13:02:39.514Z] GET /express_style.css
[2026-09-30T13:02:39.517Z] GET /api/whoami
[2026-09-30T13:02:40.842Z] GET /guestbook
[2026-09-30T13:02:40.856Z] GET /express_style.css
[2026-09-30T13:02:40.857Z] GET /js/guestbook.js
[2026-09-30T13:02:40.861Z] GET /api/guestbook
[2026-09-30T13:02:40.868Z] GET /x
[2026-09-30T13:04:53.724Z] GET /guestbook
[2026-09-30T13:04:55.102Z] GET /x
[2026-09-30T13:04:57.508Z] GET /
[2026-09-30T13:04:57.520Z] GET /express_style.css
[2026-09-30T13:04:57.526Z] GET /api/whoami
[2026-09-30T13:04:58.418Z] GET /
[2026-09-30T13:04:58.429Z] GET /express_style.css
[2026-09-30T13:04:58.435Z] GET /api/whoami
[2026-09-30T13:04:58.436Z] GET /favicon.png
[2026-09-30T13:04:58.618Z] GET /
[2026-09-30T13:04:58.628Z] GET /express_style.css
[2026-09-30T13:04:58.635Z] GET /api/whoami
[2026-09-30T13:04:58.637Z] GET /favicon.png
[2026-09-30T13:05:05.301Z] POST /login
[2026-09-30T13:05:05.305Z] GET /api/whoami
[2026-09-30T13:05:05.312Z] GET /
[2026-09-30T13:05:05.328Z] GET /express_style.css
[2026-09-30T13:05:05.332Z] GET /api/whoami
[2026-09-30T13:05:06.803Z] GET /guestbook
[2026-09-30T13:05:06.816Z] GET /express_style.css
[2026-09-30T13:05:06.818Z] GET /js/guestbook.js
[2026-09-30T13:05:06.822Z] GET /api/guestbook
[2026-09-30T13:05:06.829Z] GET /x
[2026-09-30T13:07:10.033Z] GET /
[2026-09-30T13:07:10.061Z] GET /express_style.css
[2026-09-30T13:07:10.068Z] GET /api/whoami
[2026-09-30T13:07:10.774Z] GET /
[2026-09-30T13:07:10.786Z] GET /express_style.css
[2026-09-30T13:07:10.791Z] GET /api/whoami
[2026-09-30T13:07:10.798Z] GET /favicon.png
[2026-09-30T13:07:11.119Z] GET /
[2026-09-30T13:07:11.132Z] GET /express_style.css
[2026-09-30T13:07:11.141Z] GET /api/whoami
[2026-09-30T13:07:11.143Z] GET /favicon.png
[2026-09-30T13:07:14.868Z] POST /login
[2026-09-30T13:07:14.872Z] GET /api/whoami
[2026-09-30T13:07:14.882Z] GET /
[2026-09-30T13:07:14.894Z] GET /express_style.css
[2026-09-30T13:07:14.898Z] GET /api/whoami
[2026-09-30T13:07:16.958Z] GET /guestbook
[2026-09-30T13:07:16.985Z] GET /express_style.css
[2026-09-30T13:07:16.988Z] GET /js/guestbook.js
[2026-09-30T13:07:16.991Z] GET /api/guestbook
[2026-09-30T13:07:16.995Z] GET /x
[2026-09-30T13:07:27.155Z] POST /api/guestbook
[2026-09-30T13:07:27.178Z] GET /api/guestbook
[2026-09-30T13:07:27.183Z] GET /x
[2026-09-30T13:10:36.739Z] GET /guestbook
[2026-09-30T13:10:38.658Z] GET /
[2026-09-30T13:10:38.674Z] GET /express_style.css
[2026-09-30T13:10:38.680Z] GET /api/whoami
[2026-09-30T13:10:39.562Z] GET /
[2026-09-30T13:10:39.574Z] GET /express_style.css
[2026-09-30T13:10:39.580Z] GET /api/whoami
[2026-09-30T13:10:39.582Z] GET /favicon.png
[2026-09-30T13:10:39.714Z] GET /
[2026-09-30T13:10:39.726Z] GET /express_style.css
[2026-09-30T13:10:39.731Z] GET /api/whoami
[2026-09-30T13:10:39.734Z] GET /favicon.png
[2026-09-30T13:10:43.413Z] POST /login
[2026-09-30T13:10:43.418Z] GET /api/whoami
[2026-09-30T13:10:43.426Z] GET /
[2026-09-30T13:10:43.441Z] GET /express_style.css
[2026-09-30T13:10:43.444Z] GET /api/whoami
[2026-09-30T13:10:44.705Z] GET /guestbook
[2026-09-30T13:10:44.715Z] GET /express_style.css
[2026-09-30T13:10:44.716Z] GET /js/guestbook.js
[2026-09-30T13:10:44.721Z] GET /api/guestbook
[2026-09-30T13:10:44.724Z] GET /x
[2026-09-30T13:10:48.606Z] POST /api/guestbook
[2026-09-30T13:10:48.633Z] GET /api/guestbook
[2026-09-30T13:10:48.636Z] GET /x
[2026-09-30T13:11:39.499Z] GET /guestbook
[2026-09-30T13:11:39.510Z] GET /express_style.css
[2026-09-30T13:11:39.512Z] GET /js/guestbook.js
[2026-09-30T13:11:39.516Z] GET /api/guestbook
[2026-09-30T13:11:39.519Z] GET /x
[2026-09-30T13:11:41.713Z] GET /
[2026-09-30T13:11:41.726Z] GET /express_style.css
[2026-09-30T13:11:41.729Z] GET /api/whoami
[2026-09-30T13:11:42.568Z] GET /
[2026-09-30T13:11:42.578Z] GET /express_style.css
[2026-09-30T13:11:42.583Z] GET /api/whoami
[2026-09-30T13:11:42.585Z] GET /favicon.png
[2026-09-30T13:11:42.698Z] GET /
[2026-09-30T13:11:42.708Z] GET /express_style.css
[2026-09-30T13:11:42.712Z] GET /api/whoami
[2026-09-30T13:11:42.716Z] GET /favicon.png
[2026-09-30T13:11:54.125Z] GET /
[2026-09-30T13:11:54.158Z] GET /express_style.css
[2026-09-30T13:11:54.164Z] GET /api/whoami
[2026-09-30T13:11:58.502Z] POST /login
[2026-09-30T13:11:58.506Z] GET /api/whoami
[2026-09-30T13:11:58.514Z] GET /
[2026-09-30T13:11:58.528Z] GET /express_style.css
[2026-09-30T13:11:58.532Z] GET /api/whoami
[2026-09-30T13:12:01.685Z] GET /guestbook
[2026-09-30T13:12:01.702Z] GET /express_style.css
[2026-09-30T13:12:01.704Z] GET /js/guestbook.js
[2026-09-30T13:12:01.707Z] GET /api/guestbook
[2026-09-30T13:12:01.710Z] GET /x
[2026-09-30T13:12:12.778Z] POST /api/guestbook
[2026-09-30T13:12:12.793Z] GET /api/guestbook
[2026-09-30T13:12:12.796Z] GET /x
[2026-09-30T13:13:22.780Z] GET /guestbook
[2026-09-30T13:13:24.850Z] GET /
[2026-09-30T13:13:24.863Z] GET /express_style.css
[2026-09-30T13:13:24.868Z] GET /api/whoami
[2026-09-30T13:13:24.871Z] GET /favicon.png
[2026-09-30T13:13:24.968Z] GET /
[2026-09-30T13:13:24.979Z] GET /express_style.css
[2026-09-30T13:13:24.984Z] GET /api/whoami
[2026-09-30T13:13:24.986Z] GET /favicon.png
[2026-09-30T13:13:28.855Z] POST /login
[2026-09-30T13:13:28.859Z] GET /api/whoami
[2026-09-30T13:13:28.866Z] GET /
[2026-09-30T13:13:28.882Z] GET /express_style.css
[2026-09-30T13:13:28.887Z] GET /api/whoami
[2026-09-30T13:13:30.019Z] GET /guestbook
[2026-09-30T13:13:30.035Z] GET /express_style.css
[2026-09-30T13:13:30.037Z] GET /js/guestbook.js
[2026-09-30T13:13:30.040Z] GET /api/guestbook
[2026-09-30T13:13:30.045Z] GET /x
[2026-09-30T13:13:36.847Z] POST /api/guestbook
[2026-09-30T13:13:36.864Z] GET /api/guestbook
[2026-09-30T13:13:36.869Z] GET /x
[2026-09-30T13:13:54.475Z] GET /
[2026-09-30T13:13:54.486Z] GET /express_style.css
[2026-09-30T13:13:54.494Z] GET /api/whoami
[2026-09-30T13:13:54.496Z] GET /favicon.png
[2026-09-30T13:13:54.707Z] GET /
[2026-09-30T13:13:54.718Z] GET /express_style.css
[2026-09-30T13:13:54.722Z] GET /api/whoami
[2026-09-30T13:13:54.724Z] GET /favicon.png
[2026-09-30T13:13:54.867Z] GET /
[2026-09-30T13:13:54.882Z] GET /express_style.css
[2026-09-30T13:13:54.887Z] GET /api/whoami
[2026-09-30T13:13:54.888Z] GET /favicon.png
[2026-09-30T13:13:59.444Z] GET /
[2026-09-30T13:13:59.466Z] GET /express_style.css
[2026-09-30T13:13:59.470Z] GET /api/whoami
[2026-09-30T13:13:59.473Z] GET /favicon.png
[2026-09-30T13:14:00.354Z] GET /guestbook
[2026-09-30T13:14:02.258Z] GET /dashboard
[2026-09-30T13:14:10.564Z] POST /login
[2026-09-30T13:14:10.568Z] GET /api/whoami
[2026-09-30T13:14:10.576Z] GET /
[2026-09-30T13:14:10.592Z] GET /express_style.css
[2026-09-30T13:14:10.595Z] GET /api/whoami
[2026-09-30T13:14:11.865Z] GET /guestbook
[2026-09-30T13:14:11.881Z] GET /express_style.css
[2026-09-30T13:14:11.882Z] GET /js/guestbook.js
[2026-09-30T13:14:11.885Z] GET /api/guestbook
[2026-09-30T13:14:11.892Z] GET /x
[2026-09-30T13:14:16.942Z] POST /api/guestbook
[2026-09-30T13:14:16.960Z] GET /api/guestbook
[2026-09-30T13:14:16.963Z] GET /x
[2026-09-30T13:14:47.944Z] GET /guestbook
[2026-09-30T13:14:47.960Z] GET /express_style.css
[2026-09-30T13:14:47.961Z] GET /js/guestbook.js
[2026-09-30T13:14:47.964Z] GET /api/guestbook
[2026-09-30T13:14:47.970Z] GET /x
[2026-09-30T13:14:52.726Z] POST /api/guestbook
[2026-09-30T13:14:52.741Z] GET /api/guestbook
[2026-09-30T13:14:52.744Z] GET /x
[2026-09-30T13:15:09.956Z] GET /guestbook
[2026-09-30T13:15:09.967Z] GET /express_style.css
[2026-09-30T13:15:09.969Z] GET /js/guestbook.js
[2026-09-30T13:15:09.972Z] GET /api/guestbook
[2026-09-30T13:15:12.127Z] POST /api/guestbook
[2026-09-30T13:15:12.132Z] GET /api/guestbook
[2026-09-30T13:15:25.552Z] POST /api/guestbook
[2026-09-30T13:15:25.557Z] GET /api/guestbook
[2026-09-30T13:15:53.114Z] GET /guestbook
[2026-09-30T13:15:53.125Z] GET /express_style.css
[2026-09-30T13:15:53.127Z] GET /js/guestbook.js
[2026-09-30T13:15:53.131Z] GET /api/guestbook
[2026-09-30T13:16:04.859Z] GET /
[2026-09-30T13:16:04.872Z] GET /express_style.css
[2026-09-30T13:16:04.875Z] GET /api/whoami
[2026-09-30T13:16:05.763Z] GET /
[2026-09-30T13:16:05.776Z] GET /express_style.css
[2026-09-30T13:16:05.782Z] GET /api/whoami
[2026-09-30T13:16:05.784Z] GET /favicon.png
[2026-09-30T13:16:05.931Z] GET /
[2026-09-30T13:16:05.941Z] GET /express_style.css
[2026-09-30T13:16:05.945Z] GET /api/whoami
[2026-09-30T13:16:05.948Z] GET /favicon.png
[2026-09-30T13:16:06.773Z] GET /guestbook
[2026-09-30T13:16:06.786Z] GET /express_style.css
[2026-09-30T13:16:06.786Z] GET /js/guestbook.js
[2026-09-30T13:16:06.789Z] GET /api/guestbook
[2026-09-30T13:16:10.798Z] POST /api/guestbook
[2026-09-30T13:16:10.801Z] GET /api/guestbook
[2026-09-30T13:16:15.459Z] GET /
[2026-09-30T13:16:15.471Z] GET /express_style.css
[2026-09-30T13:16:15.475Z] GET /api/whoami
[2026-09-30T13:16:15.477Z] GET /favicon.png
[2026-09-30T13:16:15.619Z] GET /
[2026-09-30T13:16:15.633Z] GET /express_style.css
[2026-09-30T13:16:15.637Z] GET /api/whoami
[2026-09-30T13:16:15.639Z] GET /favicon.png
[2026-09-30T13:16:15.746Z] GET /
[2026-09-30T13:16:15.759Z] GET /express_style.css
[2026-09-30T13:16:15.764Z] GET /api/whoami
[2026-09-30T13:16:15.765Z] GET /favicon.png
[2026-09-30T13:16:16.049Z] GET /
[2026-09-30T13:16:16.061Z] GET /express_style.css
[2026-09-30T13:16:16.063Z] GET /api/whoami
[2026-09-30T13:16:16.067Z] GET /favicon.png
[2026-09-30T13:16:16.202Z] GET /
[2026-09-30T13:16:16.216Z] GET /express_style.css
[2026-09-30T13:16:16.220Z] GET /api/whoami
[2026-09-30T13:16:16.223Z] GET /favicon.png
[2026-09-30T13:16:16.354Z] GET /
[2026-09-30T13:16:16.365Z] GET /express_style.css
[2026-09-30T13:16:16.369Z] GET /api/whoami
[2026-09-30T13:16:16.371Z] GET /favicon.png
[2026-09-30T13:16:16.538Z] GET /
[2026-09-30T13:16:16.549Z] GET /express_style.css
[2026-09-30T13:16:16.554Z] GET /api/whoami
[2026-09-30T13:16:16.555Z] GET /favicon.png
[2026-09-30T13:16:17.869Z] POST /logout
[2026-09-30T13:16:17.882Z] GET /
[2026-09-30T13:16:17.894Z] GET /express_style.css
[2026-09-30T13:16:17.897Z] GET /api/whoami
[2026-09-30T13:16:23.375Z] POST /login
[2026-09-30T13:16:23.379Z] GET /api/whoami
[2026-09-30T13:16:23.389Z] GET /
[2026-09-30T13:16:23.402Z] GET /express_style.css
[2026-09-30T13:16:23.406Z] GET /api/whoami
[2026-09-30T13:16:24.707Z] GET /guestbook
[2026-09-30T13:16:24.717Z] GET /express_style.css
[2026-09-30T13:16:24.719Z] GET /js/guestbook.js
[2026-09-30T13:16:24.723Z] GET /api/guestbook
[2026-09-30T13:16:44.051Z] GET /guestbook
[2026-09-30T13:16:44.077Z] GET /.well-known/appspecific/com.chrome.devtools.json
[2026-09-30T13:17:25.154Z] GET /guestbook
[2026-09-30T13:17:25.167Z] GET /express_style.css
[2026-09-30T13:17:25.170Z] GET /js/guestbook.js
[2026-09-30T13:17:25.175Z] GET /api/guestbook
[2026-09-30T13:17:29.654Z] POST /api/guestbook
[2026-09-30T13:17:29.658Z] GET /api/guestbook
[2026-09-30T13:17:50.346Z] GET /.well-known/appspecific/com.chrome.devtools.json
[2026-09-30T13:17:50.360Z] GET /favicon.png
[2026-10-01T12:34:07.624Z] GET /
[2026-10-01T12:34:07.648Z] GET /express_style.css
[2026-10-01T12:34:07.737Z] GET /api/whoami
[2026-10-01T12:34:07.800Z] GET /favicon.png
[2026-10-01T12:43:04.932Z] POST /login
[2026-10-01T12:43:04.937Z] GET /api/whoami
[2026-10-01T12:43:04.946Z] GET /
[2026-10-01T12:43:04.960Z] GET /express_style.css
[2026-10-01T12:43:04.965Z] GET /api/whoami
[2026-10-01T12:43:05.790Z] GET /guestbook
[2026-10-01T12:43:05.869Z] GET /express_style.css
[2026-10-01T12:43:05.870Z] GET /js/guestbook.js
[2026-10-01T12:43:05.876Z] GET /api/guestbook
[2026-10-01T12:43:05.882Z] GET /favicon.ico
[2026-10-01T12:51:40.003Z] GET /dashboard
[2026-10-01T13:14:38.079Z] GET /
[2026-10-01T13:14:38.091Z] GET /express_style.css
[2026-10-01T13:14:38.097Z] GET /api/whoami
[2026-10-01T13:19:03.723Z] POST /login
[2026-10-01T13:19:08.685Z] POST /login
[2026-10-01T13:19:09.945Z] POST /login
[2026-10-01T13:19:19.065Z] POST /login
[2026-10-01T13:19:19.074Z] GET /api/whoami
[2026-10-01T13:19:19.084Z] GET /
[2026-10-01T13:19:19.101Z] GET /express_style.css
[2026-10-01T13:19:19.108Z] GET /api/whoami
[2026-10-01T13:19:21.191Z] GET /guestbook
[2026-10-01T13:19:21.204Z] GET /express_style.css
[2026-10-01T13:19:21.205Z] GET /js/guestbook.js
[2026-10-01T13:19:21.209Z] GET /api/guestbook
[2026-10-01T13:19:34.227Z] POST /api/guestbook
[2026-10-01T13:19:34.243Z] GET /api/guestbook
[2026-10-01T13:19:52.376Z] GET /guestbook
[2026-10-01T13:19:52.388Z] GET /express_style.css
[2026-10-01T13:19:52.389Z] GET /js/guestbook.js
[2026-10-01T13:19:52.393Z] GET /api/guestbook
[2026-10-01T13:19:53.199Z] GET /dashboard
[2026-10-01T13:19:56.104Z] GET /dashboard
[2026-10-01T13:20:26.039Z] GET /
[2026-10-01T13:20:26.050Z] GET /express_style.css
[2026-10-01T13:20:26.055Z] GET /api/whoami
[2026-10-01T13:20:26.962Z] POST /logout
[2026-10-01T13:20:26.976Z] GET /
[2026-10-01T13:20:26.989Z] GET /express_style.css
[2026-10-01T13:20:26.992Z] GET /api/whoami
[2026-10-01T13:20:27.640Z] GET /guestbook
[2026-10-01T13:20:29.552Z] GET /dashboard
[2026-10-01T13:21:14.188Z] POST /login
[2026-10-01T13:21:14.193Z] GET /api/whoami
[2026-10-01T13:21:14.201Z] GET /
[2026-10-01T13:21:14.212Z] GET /express_style.css
[2026-10-01T13:21:14.215Z] GET /api/whoami
[2026-10-01T13:21:55.990Z] POST /logout
[2026-10-01T13:21:56.008Z] GET /
[2026-10-01T13:21:56.025Z] GET /express_style.css
[2026-10-01T13:21:56.031Z] GET /api/whoami
[2026-10-01T13:22:02.923Z] POST /login
[2026-10-01T13:22:02.929Z] GET /api/whoami
[2026-10-01T13:22:02.937Z] GET /
[2026-10-01T13:22:02.950Z] GET /express_style.css
[2026-10-01T13:22:02.953Z] GET /api/whoami
[2026-10-01T13:22:04.010Z] POST /logout
[2026-10-01T13:22:04.025Z] GET /
[2026-10-01T13:22:04.036Z] GET /express_style.css
[2026-10-01T13:22:04.041Z] GET /api/whoami
[2026-10-01T13:23:22.197Z] POST /login
[2026-10-01T13:24:10.536Z] GET /
[2026-10-01T13:24:10.559Z] GET /express_style.css
[2026-10-01T13:24:10.565Z] GET /api/whoami
[2026-10-01T13:24:10.567Z] GET /favicon.png
[2026-10-01T13:24:14.876Z] POST /login
[2026-10-01T13:24:14.880Z] GET /api/whoami
[2026-10-01T13:24:14.888Z] GET /
[2026-10-01T13:24:14.901Z] GET /express_style.css
[2026-10-01T13:24:14.904Z] GET /api/whoami
[2026-10-01T13:24:16.385Z] GET /dashboard
[2026-10-01T13:26:47.670Z] GET /
[2026-10-01T13:26:47.697Z] GET /express_style.css
[2026-10-01T13:26:47.702Z] GET /api/whoami
[2026-10-01T13:26:47.707Z] GET /favicon.png
[2026-10-01T13:26:47.832Z] GET /
[2026-10-01T13:26:47.845Z] GET /express_style.css
[2026-10-01T13:26:47.850Z] GET /api/whoami
[2026-10-01T13:26:47.856Z] GET /favicon.png
[2026-10-01T13:26:52.133Z] POST /login
[2026-10-01T13:26:52.139Z] GET /api/whoami
[2026-10-01T13:26:52.147Z] GET /
[2026-10-01T13:26:52.161Z] GET /express_style.css
[2026-10-01T13:26:52.164Z] GET /api/whoami
[2026-10-01T13:26:53.554Z] GET /dashboard
[2026-10-01T13:26:53.569Z] GET /express_style.css
[2026-10-01T13:37:08.086Z] GET /dashboard
[2026-10-01T13:37:11.865Z] POST /logout
[2026-10-01T13:37:11.884Z] GET /
[2026-10-01T13:37:11.897Z] GET /express_style.css
[2026-10-01T13:37:11.906Z] GET /api/whoami
[2026-10-01T13:37:15.460Z] POST /login
[2026-10-01T13:37:15.465Z] GET /api/whoami
[2026-10-01T13:37:15.474Z] GET /
[2026-10-01T13:37:15.486Z] GET /express_style.css
[2026-10-01T13:37:15.491Z] GET /api/whoami
[2026-10-01T13:37:16.551Z] GET /dashboard
[2026-10-01T13:37:16.564Z] GET /express_style.css
[2026-10-01T13:39:08.160Z] GET /guestbook
[2026-10-01T13:39:08.174Z] GET /express_style.css
[2026-10-01T13:39:08.176Z] GET /js/guestbook.js
[2026-10-01T13:39:08.181Z] GET /api/guestbook
[2026-10-01T13:39:12.463Z] GET /
[2026-10-01T13:39:12.476Z] GET /express_style.css
[2026-10-01T13:39:12.481Z] GET /api/whoami
[2026-10-01T13:40:59.386Z] GET /
[2026-10-01T13:40:59.409Z] GET /express_style.css
[2026-10-01T13:40:59.425Z] GET /api/whoami
[2026-10-01T13:40:59.428Z] GET /favicon.png
[2026-10-01T13:41:43.002Z] GET /
[2026-10-01T13:41:43.014Z] GET /express_style.css
[2026-10-01T13:41:43.021Z] GET /api/whoami
[2026-10-01T13:41:43.024Z] GET /favicon.png
[2026-10-02T12:17:21.107Z] GET /
[2026-10-02T12:17:21.130Z] GET /express_style.css
[2026-10-02T12:17:21.196Z] GET /api/whoami
[2026-10-02T12:17:21.271Z] GET /favicon.png
[2026-10-02T12:17:22.594Z] GET /guestbook
[2026-10-02T12:17:22.640Z] GET /favicon.ico
[2026-10-02T12:17:32.078Z] POST /login
[2026-10-02T12:17:32.083Z] GET /api/whoami
[2026-10-02T12:17:32.094Z] GET /
[2026-10-02T12:17:32.105Z] GET /express_style.css
[2026-10-02T12:17:32.113Z] GET /api/whoami
[2026-10-02T12:17:33.480Z] GET /guestbook
[2026-10-02T12:17:33.490Z] GET /js/guestbook.js
[2026-10-02T12:17:33.491Z] GET /express_style.css
[2026-10-02T12:17:33.497Z] GET /api/guestbook
[2026-10-02T12:17:39.866Z] GET /dashboard
[2026-10-02T12:18:15.071Z] GET /guestbook
[2026-10-02T12:18:15.084Z] GET /js/guestbook.js
[2026-10-02T12:18:15.088Z] GET /api/guestbook
[2026-10-02T12:20:22.597Z] GET /guestbook
[2026-10-02T12:20:22.608Z] GET /express_style.css
[2026-10-02T12:20:22.610Z] GET /js/guestbook.js
[2026-10-02T12:20:22.613Z] GET /api/guestbook
[2026-10-02T12:26:54.945Z] GET /guestbook
[2026-10-02T12:26:54.966Z] GET /express_style.css
[2026-10-02T12:26:54.969Z] GET /js/guestbook.js
[2026-10-02T12:26:54.980Z] GET /api/guestbook
[2026-10-02T12:27:00.682Z] GET /guestbook
[2026-10-02T12:27:00.695Z] GET /favicon.ico
[2026-10-02T12:27:06.343Z] GET /
[2026-10-02T12:27:06.353Z] GET /express_style.css
[2026-10-02T12:27:06.434Z] GET /api/whoami
[2026-10-02T12:27:06.515Z] GET /favicon.png
[2026-10-02T12:27:08.137Z] GET /guestbook
[2026-10-02T12:27:09.687Z] GET /favicon.png
[2026-10-02T12:27:13.741Z] POST /login
[2026-10-02T12:27:13.747Z] GET /api/whoami
[2026-10-02T12:27:13.755Z] GET /
[2026-10-02T12:27:13.763Z] GET /express_style.css
[2026-10-02T12:27:13.766Z] GET /api/whoami
[2026-10-02T12:27:13.770Z] GET /favicon.png
[2026-10-02T12:27:14.914Z] GET /guestbook
[2026-10-02T12:27:14.918Z] GET /express_style.css
[2026-10-02T12:27:14.919Z] GET /js/guestbook.js
[2026-10-02T12:27:14.924Z] GET /api/guestbook
[2026-10-02T12:27:19.567Z] GET /express_style.css
[2026-10-02T12:27:19.587Z] GET /.well-known/appspecific/com.chrome.devtools.json
[2026-10-02T12:27:27.477Z] POST /api/guestbook
[2026-10-02T12:27:27.493Z] GET /api/guestbook
[2026-10-02T12:27:29.400Z] GET /
[2026-10-02T12:27:29.407Z] GET /express_style.css
[2026-10-02T12:27:29.414Z] GET /api/whoami
[2026-10-02T12:27:29.420Z] GET /favicon.png
[2026-10-02T12:27:29.453Z] GET /.well-known/appspecific/com.chrome.devtools.json
[2026-10-02T12:27:33.361Z] GET /favicon.png
[2026-10-02T12:27:33.371Z] GET /.well-known/appspecific/com.chrome.devtools.json
[2026-10-02T12:27:33.377Z] GET /express_style.css
[2026-10-02T12:27:36.180Z] POST /logout
[2026-10-02T12:27:36.198Z] GET /
[2026-10-02T12:27:36.205Z] GET /express_style.css
[2026-10-02T12:27:36.214Z] GET /api/whoami
[2026-10-02T12:27:36.219Z] GET /favicon.png
[2026-10-02T12:27:36.224Z] GET /.well-known/appspecific/com.chrome.devtools.json
[2026-10-02T12:27:40.084Z] POST /login
[2026-10-02T12:27:40.087Z] GET /api/whoami
[2026-10-02T12:27:40.094Z] GET /
[2026-10-02T12:27:40.100Z] GET /express_style.css
[2026-10-02T12:27:40.111Z] GET /api/whoami
[2026-10-02T12:27:40.117Z] GET /favicon.png
[2026-10-02T12:27:40.132Z] GET /.well-known/appspecific/com.chrome.devtools.json
[2026-10-02T13:00:01.188Z] GET /guestbook
[2026-10-02T13:00:04.442Z] GET /
[2026-10-02T13:00:04.528Z] GET /express_style.css
[2026-10-02T13:00:04.544Z] GET /api/whoami
[2026-10-02T13:00:04.559Z] GET /.well-known/appspecific/com.chrome.devtools.json
[2026-10-02T13:00:04.579Z] GET /favicon.png
[2026-10-02T13:00:05.053Z] GET /
[2026-10-02T13:00:05.060Z] GET /express_style.css
[2026-10-02T13:00:05.071Z] GET /api/whoami
[2026-10-02T13:00:05.076Z] GET /favicon.png
[2026-10-02T13:00:05.085Z] GET /.well-known/appspecific/com.chrome.devtools.json
[2026-10-02T13:00:05.218Z] GET /
[2026-10-02T13:00:05.224Z] GET /express_style.css
[2026-10-02T13:00:05.240Z] GET /api/whoami
[2026-10-02T13:00:05.245Z] GET /favicon.png
[2026-10-02T13:00:05.247Z] GET /.well-known/appspecific/com.chrome.devtools.json
[2026-10-02T13:00:06.433Z] GET /
[2026-10-02T13:00:06.446Z] GET /express_style.css
[2026-10-02T13:00:06.451Z] GET /api/whoami
[2026-10-02T13:00:06.455Z] GET /favicon.png
[2026-10-02T13:00:06.603Z] GET /
[2026-10-02T13:00:06.615Z] GET /express_style.css
[2026-10-02T13:00:06.621Z] GET /api/whoami
[2026-10-02T13:00:06.625Z] GET /favicon.png
[2026-10-02T13:00:06.797Z] GET /
[2026-10-02T13:00:06.810Z] GET /express_style.css
[2026-10-02T13:00:06.815Z] GET /api/whoami
[2026-10-02T13:00:06.818Z] GET /favicon.png
[2026-10-02T13:00:07.019Z] GET /
[2026-10-02T13:00:07.030Z] GET /express_style.css
[2026-10-02T13:00:07.037Z] GET /api/whoami
[2026-10-02T13:00:07.038Z] GET /favicon.png
[2026-10-02T13:00:07.475Z] GET /
[2026-10-02T13:00:07.490Z] GET /express_style.css
[2026-10-02T13:00:07.495Z] GET /api/whoami
[2026-10-02T13:00:07.497Z] GET /favicon.png
[2026-10-02T13:00:07.627Z] GET /
[2026-10-02T13:00:07.640Z] GET /express_style.css
[2026-10-02T13:00:07.644Z] GET /api/whoami
[2026-10-02T13:00:07.646Z] GET /favicon.png
[2026-10-02T13:00:11.430Z] POST /login
[2026-10-02T13:00:11.434Z] GET /api/whoami
[2026-10-02T13:00:11.443Z] GET /
[2026-10-02T13:00:11.455Z] GET /express_style.css
[2026-10-02T13:00:11.459Z] GET /api/whoami
[2026-10-02T13:00:14.412Z] GET /guestbook
[2026-10-02T13:00:14.425Z] GET /express_style.css
[2026-10-02T13:00:14.428Z] GET /js/guestbook.js
[2026-10-02T13:00:14.432Z] GET /api/guestbook
[2026-10-02T13:00:24.175Z] POST /api/guestbook
[2026-10-02T13:00:24.193Z] GET /api/guestbook
[2026-10-02T13:00:29.121Z] GET /dashboard
[2026-10-02T13:00:29.135Z] GET /express_style.css
[2026-10-02T13:00:30.250Z] GET /dashboard
[2026-10-02T13:00:30.264Z] GET /express_style.css
[2026-10-02T13:00:30.811Z] GET /guestbook
[2026-10-02T13:00:30.839Z] GET /express_style.css
[2026-10-02T13:00:30.840Z] GET /js/guestbook.js
[2026-10-02T13:00:30.843Z] GET /api/guestbook
[2026-10-02T13:03:31.270Z] GET /guestbook
[2026-10-02T13:03:33.147Z] GET /guestbook
[2026-10-02T13:03:34.722Z] GET /
[2026-10-02T13:03:34.736Z] GET /express_style.css
[2026-10-02T13:03:34.744Z] GET /api/whoami
[2026-10-02T13:03:38.700Z] POST /login
[2026-10-02T13:03:43.142Z] POST /login
[2026-10-02T13:03:43.146Z] GET /api/whoami
[2026-10-02T13:03:43.155Z] GET /
[2026-10-02T13:03:43.170Z] GET /express_style.css
[2026-10-02T13:03:43.173Z] GET /api/whoami
[2026-10-02T13:03:45.116Z] GET /guestbook
[2026-10-02T13:03:45.129Z] GET /express_style.css
[2026-10-02T13:03:45.131Z] GET /js/guestbook.js
[2026-10-02T13:03:45.135Z] GET /api/guestbook
[2026-10-02T13:03:52.567Z] POST /api/guestbook
[2026-10-02T13:03:52.588Z] GET /api/guestbook
[2026-10-02T13:04:47.904Z] POST /api/guestbook
[2026-10-02T13:04:49.717Z] GET /
[2026-10-02T13:04:49.731Z] GET /express_style.css
[2026-10-02T13:04:49.740Z] GET /api/whoami
[2026-10-02T13:04:53.568Z] POST /login
[2026-10-02T13:04:53.577Z] GET /api/whoami
[2026-10-02T13:04:53.588Z] GET /
[2026-10-02T13:04:53.604Z] GET /express_style.css
[2026-10-02T13:04:53.608Z] GET /api/whoami
[2026-10-02T13:04:54.715Z] GET /guestbook
[2026-10-02T13:04:54.727Z] GET /express_style.css
[2026-10-02T13:04:54.730Z] GET /js/guestbook.js
[2026-10-02T13:04:54.733Z] GET /api/guestbook
[2026-10-02T13:04:59.567Z] POST /api/guestbook
[2026-10-02T13:04:59.586Z] GET /api/guestbook
[2026-10-02T13:05:48.705Z] GET /guestbook
[2026-10-02T13:05:50.749Z] GET /
[2026-10-02T13:05:50.763Z] GET /express_style.css
[2026-10-02T13:05:50.767Z] GET /api/whoami
[2026-10-02T13:05:54.312Z] POST /login
[2026-10-02T13:05:54.317Z] GET /api/whoami
[2026-10-02T13:05:54.324Z] GET /
[2026-10-02T13:05:54.338Z] GET /express_style.css
[2026-10-02T13:05:54.341Z] GET /api/whoami
[2026-10-02T13:05:55.436Z] GET /guestbook
[2026-10-02T13:05:55.449Z] GET /express_style.css
[2026-10-02T13:05:55.452Z] GET /js/guestbook.js
[2026-10-02T13:05:55.455Z] GET /api/guestbook
[2026-10-02T13:05:59.176Z] POST /api/guestbook
[2026-10-02T13:05:59.191Z] GET /api/guestbook
[2026-10-02T13:06:43.743Z] GET /
[2026-10-02T13:06:43.764Z] GET /express_style.css
[2026-10-02T13:06:43.769Z] GET /api/whoami
[2026-10-02T13:06:47.131Z] POST /login
[2026-10-02T13:06:47.135Z] GET /api/whoami
[2026-10-02T13:06:47.143Z] GET /
[2026-10-02T13:06:47.160Z] GET /express_style.css
[2026-10-02T13:06:47.164Z] GET /api/whoami
[2026-10-02T13:06:48.248Z] GET /guestbook
[2026-10-02T13:06:48.260Z] GET /express_style.css
[2026-10-02T13:06:48.263Z] GET /js/guestbook.js
[2026-10-02T13:06:48.267Z] GET /api/guestbook
[2026-10-02T13:06:50.893Z] POST /api/guestbook
[2026-10-02T13:06:50.908Z] GET /api/guestbook
[2026-10-02T13:06:54.922Z] GET /guestbook
[2026-10-02T13:06:54.934Z] GET /express_style.css
[2026-10-02T13:06:54.937Z] GET /js/guestbook.js
[2026-10-02T13:06:54.940Z] GET /api/guestbook
[2026-10-02T13:06:57.217Z] GET /guestbook
[2026-10-02T13:06:57.231Z] GET /express_style.css
[2026-10-02T13:06:57.231Z] GET /js/guestbook.js
[2026-10-02T13:06:57.236Z] GET /api/guestbook
[2026-10-02T13:07:49.482Z] GET /guestbook
[2026-10-02T13:07:49.602Z] GET /.well-known/appspecific/com.chrome.devtools.json
[2026-10-02T13:07:51.863Z] GET /
[2026-10-02T13:07:51.872Z] GET /express_style.css
[2026-10-02T13:07:51.889Z] GET /api/whoami
[2026-10-02T13:07:51.898Z] GET /.well-known/appspecific/com.chrome.devtools.json
[2026-10-02T13:07:51.924Z] GET /favicon.png
[2026-10-02T13:07:57.920Z] POST /login
[2026-10-02T13:07:57.924Z] GET /api/whoami
[2026-10-02T13:07:57.932Z] GET /
[2026-10-02T13:07:57.942Z] GET /express_style.css
[2026-10-02T13:07:57.962Z] GET /api/whoami
[2026-10-02T13:07:57.967Z] GET /.well-known/appspecific/com.chrome.devtools.json
[2026-10-02T13:07:57.971Z] GET /favicon.png
[2026-10-02T13:07:58.996Z] GET /guestbook
[2026-10-02T13:07:59.007Z] GET /express_style.css
[2026-10-02T13:07:59.008Z] GET /js/guestbook.js
[2026-10-02T13:07:59.023Z] GET /api/guestbook
[2026-10-02T13:07:59.026Z] GET /.well-known/appspecific/com.chrome.devtools.json
[2026-10-02T13:08:40.572Z] GET /guestbook
[2026-10-02T13:08:40.622Z] GET /.well-known/appspecific/com.chrome.devtools.json
[2026-10-02T13:08:41.492Z] GET /favicon.png
[2026-10-02T13:08:41.506Z] GET /express_style.css
[2026-10-02T13:08:42.115Z] GET /
[2026-10-02T13:08:42.124Z] GET /express_style.css
[2026-10-02T13:08:42.140Z] GET /.well-known/appspecific/com.chrome.devtools.json
[2026-10-02T13:08:42.143Z] GET /api/whoami
[2026-10-02T13:08:42.147Z] GET /favicon.png
[2026-10-02T13:08:45.390Z] POST /login
[2026-10-02T13:08:45.395Z] GET /api/whoami
[2026-10-02T13:08:45.404Z] GET /
[2026-10-02T13:08:45.415Z] GET /express_style.css
[2026-10-02T13:08:45.433Z] GET /api/whoami
[2026-10-02T13:08:45.434Z] GET /.well-known/appspecific/com.chrome.devtools.json
[2026-10-02T13:08:45.438Z] GET /favicon.png
[2026-10-02T13:08:46.434Z] GET /guestbook
[2026-10-02T13:08:46.444Z] GET /express_style.css
[2026-10-02T13:08:46.445Z] GET /js/guestbook.js
[2026-10-02T13:08:46.459Z] GET /.well-known/appspecific/com.chrome.devtools.json
[2026-10-02T13:08:46.462Z] GET /api/guestbook
[2026-10-02T13:08:56.024Z] POST /api/guestbook
[2026-10-02T13:08:56.039Z] GET /api/guestbook
[2026-10-02T13:09:17.654Z] GET /
[2026-10-02T13:09:17.672Z] GET /express_style.css
[2026-10-02T13:09:17.679Z] GET /api/whoami
[2026-10-02T13:15:30.252Z] GET /
[2026-10-02T13:15:30.273Z] GET /express_style.css
[2026-10-02T13:15:30.282Z] GET /api/whoami
[2026-10-02T13:15:30.313Z] GET /favicon.png
[2026-10-02T13:15:32.773Z] GET /guestbook
[2026-10-02T13:15:32.818Z] GET /.well-known/appspecific/com.chrome.devtools.json
[2026-10-02T13:15:33.545Z] GET /.well-known/appspecific/com.chrome.devtools.json
[2026-10-02T13:15:33.554Z] GET /favicon.png
[2026-10-02T13:15:34.548Z] GET /
[2026-10-02T13:15:34.557Z] GET /express_style.css
[2026-10-02T13:15:34.578Z] GET /.well-known/appspecific/com.chrome.devtools.json
[2026-10-02T13:15:34.580Z] GET /api/whoami
[2026-10-02T13:15:34.584Z] GET /favicon.png
[2026-10-02T13:15:35.586Z] GET /
[2026-10-02T13:15:35.593Z] GET /express_style.css
[2026-10-02T13:15:35.611Z] GET /.well-known/appspecific/com.chrome.devtools.json
[2026-10-02T13:15:35.616Z] GET /api/whoami
[2026-10-02T13:15:35.623Z] GET /favicon.png
[2026-10-02T13:45:53.908Z] GET /
[2026-10-02T13:45:53.932Z] GET /express_style.css
[2026-10-02T13:45:53.940Z] GET /api/whoami
[2026-10-02T13:45:53.973Z] GET /favicon.png
[2026-10-02T13:46:05.070Z] POST /login
[2026-10-02T13:46:05.078Z] GET /api/whoami
[2026-10-02T13:46:05.092Z] GET /
[2026-10-02T13:46:05.110Z] GET /express_style.css
[2026-10-02T13:46:05.118Z] GET /api/whoami
[2026-10-02T13:46:06.897Z] GET /guestbook
[2026-10-02T13:46:06.945Z] GET /express_style.css
[2026-10-02T13:46:06.947Z] GET /js/guestbook.js
[2026-10-02T13:46:06.957Z] GET /api/guestbook
[2026-10-05T12:39:43.132Z] GET /
[2026-10-05T12:39:43.156Z] GET /express_style.css
[2026-10-05T12:39:43.180Z] GET /.well-known/appspecific/com.chrome.devtools.json
[2026-10-05T12:39:45.268Z] GET /api/whoami
[2026-10-05T12:39:45.342Z] GET /favicon.png
[2026-10-05T12:39:52.760Z] GET /nothing-here
[2026-10-05T12:40:18.415Z] GET //api/nothing
[2026-10-05T12:40:56.595Z] GET /express_style.css
[2026-10-05T12:40:58.110Z] GET /
[2026-10-05T12:40:58.116Z] GET /express_style.css
[2026-10-05T12:40:58.123Z] GET /api/whoami
[2026-10-05T12:40:58.130Z] GET /.well-known/appspecific/com.chrome.devtools.json
[2026-10-05T12:40:58.133Z] GET /favicon.png
[2026-10-05T12:41:02.309Z] POST /login
[2026-10-05T12:41:02.314Z] GET /api/whoami
[2026-10-05T12:41:02.322Z] GET /
[2026-10-05T12:41:02.332Z] GET /express_style.css
[2026-10-05T12:41:02.342Z] GET /api/whoami
[2026-10-05T12:41:02.344Z] GET /.well-known/appspecific/com.chrome.devtools.json
[2026-10-05T12:41:02.347Z] GET /favicon.png
[2026-10-05T12:41:07.831Z] GET /api/guestbook
[2026-10-05T12:50:43.127Z] GET /.well-known/appspecific/com.chrome.devtools.json
[2026-10-05T12:50:43.139Z] GET /favicon.png
[2026-10-05T12:50:47.776Z] GET /nothing-here
[2026-10-05T12:56:00.950Z] GET /nothing-here
[2026-10-05T12:56:00.974Z] GET /express_style.css
[2026-10-05T12:56:00.994Z] GET /.well-known/appspecific/com.chrome.devtools.json
[2026-10-05T12:56:01.002Z] GET /favicon.png
[2026-10-05T12:56:04.566Z] GET /
[2026-10-05T12:56:04.574Z] GET /express_style.css
[2026-10-05T12:56:04.587Z] GET /api/whoami
[2026-10-05T12:56:04.590Z] GET /.well-known/appspecific/com.chrome.devtools.json
[2026-10-05T12:56:04.594Z] GET /favicon.png
[2026-10-05T12:56:05.748Z] GET /.well-known/appspecific/com.chrome.devtools.json
[2026-10-05T12:56:05.754Z] GET /favicon.png
[2026-10-05T12:56:36.294Z] GET //api/nothing
[2026-10-05T12:56:36.306Z] GET //api/express_style.css
[2026-10-05T12:56:36.318Z] GET /.well-known/appspecific/com.chrome.devtools.json
[2026-10-05T12:56:36.331Z] GET //api/favicon.png
[2026-10-05T12:56:42.136Z] GET /api/nothing
[2026-10-05T12:56:42.161Z] GET /.well-known/appspecific/com.chrome.devtools.json
[2026-10-05T12:56:42.170Z] GET /favicon.ico
[2026-10-05T12:56:47.548Z] GET /.well-known/appspecific/com.chrome.devtools.json
[2026-10-05T12:56:48.119Z] GET /.well-known/appspecific/com.chrome.devtools.json
[2026-10-05T12:56:48.130Z] GET /favicon.png
[2026-10-05T12:56:49.519Z] GET /.well-known/appspecific/com.chrome.devtools.json
[2026-10-05T12:56:49.530Z] GET /favicon.png
[2026-10-05T12:56:50.012Z] GET /
[2026-10-05T12:56:50.020Z] GET /express_style.css
[2026-10-05T12:56:50.033Z] GET /.well-known/appspecific/com.chrome.devtools.json
[2026-10-05T12:56:50.046Z] GET /api/whoami
[2026-10-05T12:56:50.050Z] GET /favicon.png
[2026-10-05T12:56:53.741Z] POST /login
[2026-10-05T12:56:53.745Z] GET /api/whoami
[2026-10-05T12:56:53.754Z] GET /
[2026-10-05T12:56:53.762Z] GET /express_style.css
[2026-10-05T12:56:53.771Z] GET /.well-known/appspecific/com.chrome.devtools.json
[2026-10-05T12:56:53.779Z] GET /api/whoami
[2026-10-05T12:56:53.783Z] GET /favicon.png
[2026-10-05T12:56:57.159Z] GET /api/nothing
[2026-10-05T12:56:57.186Z] GET /.well-known/appspecific/com.chrome.devtools.json
[2026-10-05T12:58:09.845Z] GET /api/guestbook
[2026-10-05T12:59:50.338Z] GET /.well-known/appspecific/com.chrome.devtools.json
[2026-10-05T12:59:50.737Z] GET /express_style.css
[2026-10-05T12:59:51.863Z] GET /
[2026-10-05T12:59:51.871Z] GET /express_style.css
[2026-10-05T12:59:51.881Z] GET /.well-known/appspecific/com.chrome.devtools.json
[2026-10-05T12:59:51.896Z] GET /api/whoami
[2026-10-05T12:59:51.900Z] GET /favicon.png
[2026-10-05T12:59:52.402Z] GET /
[2026-10-05T12:59:52.412Z] GET /express_style.css
[2026-10-05T12:59:52.422Z] GET /.well-known/appspecific/com.chrome.devtools.json
[2026-10-05T12:59:52.436Z] GET /api/whoami
[2026-10-05T12:59:52.440Z] GET /favicon.png
[2026-10-05T12:59:52.730Z] GET /
[2026-10-05T12:59:52.738Z] GET /express_style.css
[2026-10-05T12:59:52.749Z] GET /.well-known/appspecific/com.chrome.devtools.json
[2026-10-05T12:59:52.762Z] GET /api/whoami
[2026-10-05T12:59:52.766Z] GET /favicon.png
[2026-10-05T12:59:53.060Z] GET /
[2026-10-05T12:59:53.070Z] GET /express_style.css
[2026-10-05T12:59:53.082Z] GET /.well-known/appspecific/com.chrome.devtools.json
[2026-10-05T12:59:53.097Z] GET /api/whoami
[2026-10-05T12:59:53.101Z] GET /favicon.png
[2026-10-05T12:59:56.614Z] POST /login
[2026-10-05T12:59:56.617Z] GET /api/whoami
[2026-10-05T12:59:56.625Z] GET /
[2026-10-05T12:59:56.637Z] GET /express_style.css
[2026-10-05T12:59:56.648Z] GET /.well-known/appspecific/com.chrome.devtools.json
[2026-10-05T12:59:56.660Z] GET /api/whoami
[2026-10-05T12:59:56.668Z] GET /favicon.png
[2026-10-05T13:00:10.025Z] GET /api/guestbook
[2026-10-05T13:00:10.050Z] GET /.well-known/appspecific/com.chrome.devtools.json
[2026-10-05T13:02:16.108Z] GET /api/guestbook
[2026-10-05T13:02:16.110Z] ERROR GET /api/guestbook: Unexpected non-whitespace character after JSON at position 126 (line 6 column 2)
[2026-10-05T13:02:16.132Z] GET /.well-known/appspecific/com.chrome.devtools.json
[2026-10-05T13:02:16.938Z] GET /api/guestbook
[2026-10-05T13:02:16.939Z] ERROR GET /api/guestbook: Unexpected non-whitespace character after JSON at position 126 (line 6 column 2)
[2026-10-05T13:02:16.957Z] GET /.well-known/appspecific/com.chrome.devtools.json
[2026-10-05T13:03:14.961Z] GET /api/guestbook400
[2026-10-05T13:03:14.985Z] GET /.well-known/appspecific/com.chrome.devtools.json
[2026-10-05T13:03:16.467Z] GET /.well-known/appspecific/com.chrome.devtools.json
[2026-10-05T13:03:21.205Z] GET /400
[2026-10-05T13:03:21.219Z] GET /express_style.css
[2026-10-05T13:03:21.231Z] GET /.well-known/appspecific/com.chrome.devtools.json
[2026-10-05T13:03:21.256Z] GET /favicon.png
[2026-10-05T13:03:35.124Z] GET /.well-known/appspecific/com.chrome.devtools.json
[2026-10-05T13:04:25.590Z] GET /.well-known/appspecific/com.chrome.devtools.json
[2026-10-05T13:04:25.616Z] GET /favicon.png
[2026-10-05T13:04:27.087Z] GET /.well-known/appspecific/com.chrome.devtools.json
[2026-10-05T13:04:27.445Z] GET /express_style.css
[2026-10-05T13:04:28.069Z] GET /.well-known/appspecific/com.chrome.devtools.json
[2026-10-05T13:04:29.024Z] GET /api/guestbook
[2026-10-05T13:04:29.025Z] ERROR GET /api/guestbook: Unexpected non-whitespace character after JSON at position 126 (line 6 column 2)
[2026-10-05T13:04:29.045Z] GET /.well-known/appspecific/com.chrome.devtools.json
[2026-10-05T13:04:29.207Z] GET /api/guestbook
[2026-10-05T13:04:29.208Z] ERROR GET /api/guestbook: Unexpected non-whitespace character after JSON at position 126 (line 6 column 2)
[2026-10-05T13:04:29.224Z] GET /.well-known/appspecific/com.chrome.devtools.json
[2026-10-05T13:04:29.432Z] ERROR GET /api/guestbook: Unexpected non-whitespace character after JSON at position 126 (line 6 column 2)
[2026-10-05T13:04:29.431Z] GET /api/guestbook
[2026-10-05T13:04:29.453Z] GET /.well-known/appspecific/com.chrome.devtools.json
[2026-10-05T13:04:30.000Z] GET /api/guestbook
[2026-10-05T13:04:30.001Z] ERROR GET /api/guestbook: Unexpected non-whitespace character after JSON at position 126 (line 6 column 2)
[2026-10-05T13:04:30.022Z] GET /.well-known/appspecific/com.chrome.devtools.json
[2026-10-05T13:04:31.871Z] GET /
[2026-10-05T13:04:31.880Z] GET /express_style.css
[2026-10-05T13:04:31.887Z] GET /.well-known/appspecific/com.chrome.devtools.json
[2026-10-05T13:04:31.915Z] GET /api/whoami
[2026-10-05T13:04:31.929Z] GET /favicon.png
[2026-10-05T13:04:32.077Z] GET /
[2026-10-05T13:04:32.087Z] GET /express_style.css
[2026-10-05T13:04:32.098Z] GET /.well-known/appspecific/com.chrome.devtools.json
[2026-10-05T13:04:32.129Z] GET /api/whoami
[2026-10-05T13:04:32.132Z] GET /favicon.png
[2026-10-05T13:04:33.105Z] GET /
[2026-10-05T13:04:33.114Z] GET /express_style.css
[2026-10-05T13:04:33.120Z] GET /.well-known/appspecific/com.chrome.devtools.json
[2026-10-05T13:04:33.149Z] GET /api/whoami
[2026-10-05T13:04:33.153Z] GET /favicon.png
[2026-10-05T13:04:34.086Z] GET /
[2026-10-05T13:04:34.095Z] GET /express_style.css
[2026-10-05T13:04:34.105Z] GET /.well-known/appspecific/com.chrome.devtools.json
[2026-10-05T13:04:34.137Z] GET /api/whoami
[2026-10-05T13:04:34.143Z] GET /favicon.png
[2026-10-05T13:04:34.279Z] GET /
[2026-10-05T13:04:34.289Z] GET /express_style.css
[2026-10-05T13:04:34.298Z] GET /.well-known/appspecific/com.chrome.devtools.json
[2026-10-05T13:04:34.328Z] GET /api/whoami
[2026-10-05T13:04:34.337Z] GET /favicon.png
[2026-10-05T13:04:34.735Z] GET /
[2026-10-05T13:04:34.743Z] GET /express_style.css
[2026-10-05T13:04:34.754Z] GET /.well-known/appspecific/com.chrome.devtools.json
[2026-10-05T13:04:34.789Z] GET /api/whoami
[2026-10-05T13:04:34.794Z] GET /favicon.png
[2026-10-05T13:04:35.455Z] GET /
[2026-10-05T13:04:35.465Z] GET /express_style.css
[2026-10-05T13:04:35.472Z] GET /.well-known/appspecific/com.chrome.devtools.json
[2026-10-05T13:04:35.510Z] GET /api/whoami
[2026-10-05T13:04:35.520Z] GET /favicon.png
[2026-10-05T13:04:36.355Z] POST /logout
[2026-10-05T13:04:36.365Z] GET /
[2026-10-05T13:04:36.373Z] GET /express_style.css
[2026-10-05T13:04:36.384Z] GET /.well-known/appspecific/com.chrome.devtools.json
[2026-10-05T13:04:36.420Z] GET /api/whoami
[2026-10-05T13:04:36.424Z] GET /favicon.png
[2026-10-05T13:04:39.812Z] POST /login
[2026-10-05T13:04:39.815Z] GET /api/whoami
[2026-10-05T13:04:39.823Z] GET /
[2026-10-05T13:04:39.833Z] GET /express_style.css
[2026-10-05T13:04:39.842Z] GET /.well-known/appspecific/com.chrome.devtools.json
[2026-10-05T13:04:39.872Z] GET /api/whoami
[2026-10-05T13:04:39.876Z] GET /favicon.png
[2026-10-05T13:10:50.635Z] GET /.well-known/appspecific/com.chrome.devtools.json
[2026-10-05T13:10:50.676Z] GET /favicon.png
[2026-10-05T13:10:52.554Z] GET /.well-known/appspecific/com.chrome.devtools.json
[2026-10-05T13:10:52.595Z] GET /favicon.png
[2026-10-05T13:10:53.295Z] GET /
[2026-10-05T13:10:53.312Z] GET /express_style.css
[2026-10-05T13:10:53.322Z] GET /.well-known/appspecific/com.chrome.devtools.json
[2026-10-05T13:10:53.358Z] GET /api/whoami
[2026-10-05T13:10:53.364Z] GET /favicon.png
[2026-10-05T13:10:54.401Z] GET /
[2026-10-05T13:10:54.411Z] GET /express_style.css
[2026-10-05T13:10:54.422Z] GET /.well-known/appspecific/com.chrome.devtools.json
[2026-10-05T13:10:54.462Z] GET /api/whoami
[2026-10-05T13:10:54.466Z] GET /favicon.png
[2026-10-05T13:10:58.017Z] GET /
[2026-10-05T13:10:58.041Z] GET /express_style.css
[2026-10-05T13:10:58.050Z] GET /.well-known/appspecific/com.chrome.devtools.json
[2026-10-05T13:10:58.091Z] GET /api/whoami
[2026-10-05T13:10:58.096Z] GET /favicon.png
[2026-10-05T13:11:01.691Z] POST /login
[2026-10-05T13:11:01.694Z] GET /api/whoami
[2026-10-05T13:11:01.703Z] GET /
[2026-10-05T13:11:01.714Z] GET /express_style.css
[2026-10-05T13:11:01.726Z] GET /.well-known/appspecific/com.chrome.devtools.json
[2026-10-05T13:11:01.771Z] GET /api/whoami
[2026-10-05T13:11:01.775Z] GET /favicon.png
[2026-10-05T13:11:02.970Z] GET /guestbook
[2026-10-05T13:11:02.990Z] GET /express_style.css
[2026-10-05T13:11:02.992Z] GET /js/guestbook.js
[2026-10-05T13:11:02.997Z] GET /.well-known/appspecific/com.chrome.devtools.json
[2026-10-05T13:11:03.043Z] ERROR GET /api/guestbook: Unexpected non-whitespace character after JSON at position 126 (line 6 column 2)
[2026-10-05T13:11:03.041Z] GET /api/guestbook
[2026-10-05T13:11:08.158Z] POST /api/guestbook
[2026-10-05T13:11:08.159Z] ERROR POST /api/guestbook: Unexpected non-whitespace character after JSON at position 126 (line 6 column 2)
